00:47:12 **** Incremental Build of configuration Debug for project Lesson1_Lab_GPIO ****
make -j16 all 
arm-none-eabi-gcc "../Src/main.c" -mcpu=cortex-m3 -std=gnu11 -g3 -DDEBUG -DSTM32 -DSTM32F1 -DSTM32F103C6Tx -c -I../Inc -O0 -ffunction-sections -fdata-sections -Wall -fstack-usage -fcyclomatic-complexity -MMD -MP -MF"Src/main.d" -MT"Src/main.o" --specs=nano.specs -mfloat-abi=soft -mthumb -o "Src/main.o"
arm-none-eabi-gcc -o "Lesson1_Lab_GPIO.elf" @"objects.list"   -mcpu=cortex-m3 -T"D:\Research Files\Embedded_Systems\Mastering Embedded System\Repo\Mastering-Embedded-System\Unit7_MCU_Essential_Peripherals\Lesson1\Lesson1_Lab_GPIO\STM32F103C6TX_FLASH.ld" --specs=nosys.specs -Wl,-Map="Lesson1_Lab_GPIO.map" -Wl,--gc-sections -static --specs=nano.specs -mfloat-abi=soft -mthumb -Wl,--start-group -lc -lm -Wl,--end-group
Finished building target: Lesson1_Lab_GPIO.elf
 
arm-none-eabi-size  Lesson1_Lab_GPIO.elf 
arm-none-eabi-objdump -h -S Lesson1_Lab_GPIO.elf  > "Lesson1_Lab_GPIO.list"
arm-none-eabi-objcopy  -O ihex Lesson1_Lab_GPIO.elf  "Lesson1_Lab_GPIO.hex"
   text	   data	    bss	    dec	    hex	filename
    800	      0	   1568	   2368	    940	Lesson1_Lab_GPIO.elf
Finished building: default.size.stdout
 
Finished building: Lesson1_Lab_GPIO.hex
Finished building: Lesson1_Lab_GPIO.list
 
 
