02:29:02 **** Incremental Build of configuration Debug for project Lesson1_Lab_GPIO ****
make -j16 all 
arm-none-eabi-gcc "../Src/main.c" -mcpu=cortex-m3 -std=gnu11 -g3 -DDEBUG -DSTM32 -DSTM32F1 -DSTM32F103C6Tx -c -I../Inc -O0 -ffunction-sections -fdata-sections -Wall -fstack-usage -fcyclomatic-complexity -MMD -MP -MF"Src/main.d" -MT"Src/main.o" --specs=nano.specs -mfloat-abi=soft -mthumb -o "Src/main.o"
arm-none-eabi-gcc -o "Lesson1_Lab_GPIO.elf" @"objects.list"   -mcpu=cortex-m3 -T"D:\Research Files\Embedded_Systems\Mastering Embedded System\Repo\Mastering-Embedded-System\Unit7_MCU_Essential_Peripherals\Lesson1\Lesson1_Lab_GPIO\STM32F103C6TX_FLASH.ld" --specs=nosys.specs -Wl,-Map="Lesson1_Lab_GPIO.map" -Wl,--gc-sections -static --specs=nano.specs -mfloat-abi=soft -mthumb -Wl,--start-group -lc -lm -Wl,--end-group
Finished building target: Lesson1_Lab_GPIO.elf
 
arm-none-eabi-size  Lesson1_Lab_GPIO.elf 
arm-none-eabi-objdump -h -S Lesson1_Lab_GPIO.elf  > "Lesson1_Lab_GPIO.list"
arm-none-eabi-objcopy  -O ihex Lesson1_Lab_GPIO.elf  "Lesson1_Lab_GPIO.hex"
   text	   data	    bss	    dec	    hex	filename
    800	      0	   1568	   2368	    940	Lesson1_Lab_GPIO.elf
Finished building: default.size.stdout
 
Finished building: Lesson1_Lab_GPIO.hex
Finished building: Lesson1_Lab_GPIO.list
 
 
20:22:16 **** Build of configuration Debug for project STM32F103C6_Drivers ****
make -j16 all 
arm-none-eabi-gcc -mcpu=cortex-m3 -g3 -DDEBUG -c -x assembler-with-cpp -MMD -MP -MF"Startup/startup_stm32f103c6tx.d" -MT"Startup/startup_stm32f103c6tx.o" --specs=nano.specs -mfloat-abi=soft -mthumb -o "Startup/startup_stm32f103c6tx.o" "../Startup/startup_stm32f103c6tx.s"
arm-none-eabi-gcc "../Src/main.c" -mcpu=cortex-m3 -std=gnu11 -g3 -DDEBUG -DSTM32 -DSTM32F1 -DSTM32F103C6Tx -c -I../Inc -I"C:/Users/Ahmed_Aboeita/Desktop/Mastering-Embedded-System/Unit7_MCU_Essential_Peripherals/Lesson3/STM32F103C6_Drivers/STM32_F103C6_Drivers/inclide" -O0 -ffunction-sections -fdata-sections -Wall -fstack-usage -fcyclomatic-complexity -MMD -MP -MF"Src/main.d" -MT"Src/main.o" --specs=nano.specs -mfloat-abi=soft -mthumb -o "Src/main.o"
arm-none-eabi-gcc "../Src/syscalls.c" -mcpu=cortex-m3 -std=gnu11 -g3 -DDEBUG -DSTM32 -DSTM32F1 -DSTM32F103C6Tx -c -I../Inc -I"C:/Users/Ahmed_Aboeita/Desktop/Mastering-Embedded-System/Unit7_MCU_Essential_Peripherals/Lesson3/STM32F103C6_Drivers/STM32_F103C6_Drivers/inclide" -O0 -ffunction-sections -fdata-sections -Wall -fstack-usage -fcyclomatic-complexity -MMD -MP -MF"Src/syscalls.d" -MT"Src/syscalls.o" --specs=nano.specs -mfloat-abi=soft -mthumb -o "Src/syscalls.o"
arm-none-eabi-gcc "../Src/sysmem.c" -mcpu=cortex-m3 -std=gnu11 -g3 -DDEBUG -DSTM32 -DSTM32F1 -DSTM32F103C6Tx -c -I../Inc -I"C:/Users/Ahmed_Aboeita/Desktop/Mastering-Embedded-System/Unit7_MCU_Essential_Peripherals/Lesson3/STM32F103C6_Drivers/STM32_F103C6_Drivers/inclide" -O0 -ffunction-sections -fdata-sections -Wall -fstack-usage -fcyclomatic-complexity -MMD -MP -MF"Src/sysmem.d" -MT"Src/sysmem.o" --specs=nano.specs -mfloat-abi=soft -mthumb -o "Src/sysmem.o"
arm-none-eabi-gcc "../STM32_F103C6_Drivers/STM32F103xx_GPIO_Driver/STM32F103xx_GPIO.c" -mcpu=cortex-m3 -std=gnu11 -g3 -DDEBUG -DSTM32 -DSTM32F1 -DSTM32F103C6Tx -c -I../Inc -I"C:/Users/Ahmed_Aboeita/Desktop/Mastering-Embedded-System/Unit7_MCU_Essential_Peripherals/Lesson3/STM32F103C6_Drivers/STM32_F103C6_Drivers/inclide" -O0 -ffunction-sections -fdata-sections -Wall -fstack-usage -fcyclomatic-complexity -MMD -MP -MF"STM32_F103C6_Drivers/STM32F103xx_GPIO_Driver/STM32F103xx_GPIO.d" -MT"STM32_F103C6_Drivers/STM32F103xx_GPIO_Driver/STM32F103xx_GPIO.o" --specs=nano.specs -mfloat-abi=soft -mthumb -o "STM32_F103C6_Drivers/STM32F103xx_GPIO_Driver/STM32F103xx_GPIO.o"
arm-none-eabi-gcc -o "STM32F103C6_Drivers.elf" @"objects.list"   -mcpu=cortex-m3 -T"C:\Users\Ahmed_Aboeita\Desktop\Mastering-Embedded-System\Unit7_MCU_Essential_Peripherals\Lesson3\STM32F103C6_Drivers\STM32F103C6TX_FLASH.ld" --specs=nosys.specs -Wl,-Map="STM32F103C6_Drivers.map" -Wl,--gc-sections -static --specs=nano.specs -mfloat-abi=soft -mthumb -Wl,--start-group -lc -lm -Wl,--end-group
Finished building target: STM32F103C6_Drivers.elf
 
arm-none-eabi-size  STM32F103C6_Drivers.elf 
arm-none-eabi-objdump -h -S STM32F103C6_Drivers.elf  > "STM32F103C6_Drivers.list"
arm-none-eabi-objcopy  -O ihex STM32F103C6_Drivers.elf  "STM32F103C6_Drivers.hex"
   text	   data	    bss	    dec	    hex	filename
    564	      0	   1568	   2132	    854	STM32F103C6_Drivers.elf
Finished building: default.size.stdout
 
Finished building: STM32F103C6_Drivers.hex
 
Finished building: STM32F103C6_Drivers.list
 
22:55:09 **** Incremental Build of configuration Debug for project STM32F103C6_Drivers ****
make -j16 all 
arm-none-eabi-size  STM32F103C6_Drivers.elf 
   text	   data	    bss	    dec	    hex	filename
    564	      0	   1568	   2132	    854	STM32F103C6_Drivers.elf
Finished building: default.size.stdout
 
22:59:40 **** Incremental Build of configuration Debug for project STM32F103C6_Drivers ****
make -j16 all 
arm-none-eabi-size  STM32F103C6_Drivers.elf 
   text	   data	    bss	    dec	    hex	filename
    564	      0	   1568	   2132	    854	STM32F103C6_Drivers.elf
Finished building: default.size.stdout
 
